
============================================================
N-Tuple Episódio 100/50000 | Tempo: 16s
============================================================
  Score médio:  3763
  Score máximo: 11476
  Max tiles:    {64: 1, 128: 23, 256: 49, 512: 26, 1024: 1}
  2048+:        0x total
  LR:           0.000991
N-Tuple salvo em /Users/leonardo/Projects/2048/ai/checkpoints/ntuple_best.bin (512.0 MB)

============================================================
N-Tuple Episódio 200/50000 | Tempo: 31s
============================================================
  Score médio:  3613
  Score máximo: 10796
  Max tiles:    {64: 2, 128: 23, 256: 53, 512: 20, 1024: 2}
  2048+:        0x total
  LR:           0.000982

============================================================
N-Tuple Episódio 300/50000 | Tempo: 45s
============================================================
  Score médio:  3364
  Score máximo: 10256
  Max tiles:    {64: 2, 128: 27, 256: 54, 512: 16, 1024: 1}
  2048+:        0x total
  LR:           0.000973

============================================================
N-Tuple Episódio 400/50000 | Tempo: 60s
============================================================
  Score médio:  3534
  Score máximo: 10612
  Max tiles:    {128: 22, 256: 58, 512: 19, 1024: 1}
  2048+:        0x total
  LR:           0.000964

============================================================
N-Tuple Episódio 500/50000 | Tempo: 76s
============================================================
  Score médio:  3787
  Score máximo: 12268
  Max tiles:    {32: 1, 128: 23, 256: 53, 512: 19, 1024: 4}
  2048+:        0x total
  LR:           0.000955
N-Tuple salvo em /Users/leonardo/Projects/2048/ai/checkpoints/ntuple_best.bin (512.0 MB)

============================================================
N-Tuple Episódio 600/50000 | Tempo: 93s
============================================================
  Score médio:  4151
  Score máximo: 10636
  Max tiles:    {64: 3, 128: 11, 256: 54, 512: 31, 1024: 1}
  2048+:        0x total
  LR:           0.000946
N-Tuple salvo em /Users/leonardo/Projects/2048/ai/checkpoints/ntuple_best.bin (512.0 MB)

============================================================
N-Tuple Episódio 700/50000 | Tempo: 107s
============================================================
  Score médio:  3464
  Score máximo: 11120
  Max tiles:    {64: 3, 128: 32, 256: 42, 512: 22, 1024: 1}
  2048+:        0x total
  LR:           0.000938

============================================================
N-Tuple Episódio 800/50000 | Tempo: 124s
============================================================
  Score médio:  4069
  Score máximo: 11480
  Max tiles:    {64: 2, 128: 21, 256: 46, 512: 29, 1024: 2}
  2048+:        0x total
  LR:           0.000929

============================================================
N-Tuple Episódio 900/50000 | Tempo: 140s
============================================================
  Score médio:  3882
  Score máximo: 11844
  Max tiles:    {64: 3, 128: 24, 256: 46, 512: 25, 1024: 2}
  2048+:        0x total
  LR:           0.000920

============================================================
N-Tuple Episódio 1000/50000 | Tempo: 156s
============================================================
  Score médio:  4035
  Score máximo: 10456
  Max tiles:    {64: 3, 128: 20, 256: 42, 512: 34, 1024: 1}
  2048+:        0x total
  LR:           0.000912
N-Tuple salvo em /Users/leonardo/Projects/2048/ai/checkpoints/ntuple_latest.bin (512.0 MB)

============================================================
N-Tuple Episódio 1100/50000 | Tempo: 171s
============================================================
  Score médio:  3684
  Score máximo: 10744
  Max tiles:    {64: 4, 128: 19, 256: 53, 512: 23, 1024: 1}
  2048+:        0x total
  LR:           0.000904

============================================================
N-Tuple Episódio 1200/50000 | Tempo: 188s
============================================================
  Score médio:  4114
  Score máximo: 15608
  Max tiles:    {64: 2, 128: 14, 256: 54, 512: 28, 1024: 2}
  2048+:        0x total
  LR:           0.000895

============================================================
N-Tuple Episódio 1300/50000 | Tempo: 205s
============================================================
  Score médio:  4180
  Score máximo: 9352
  Max tiles:    {64: 2, 128: 11, 256: 53, 512: 34}
  2048+:        0x total
  LR:           0.000887
N-Tuple salvo em /Users/leonardo/Projects/2048/ai/checkpoints/ntuple_best.bin (512.0 MB)

============================================================
N-Tuple Episódio 1400/50000 | Tempo: 223s
============================================================
  Score médio:  4678
  Score máximo: 11616
  Max tiles:    {64: 1, 128: 12, 256: 43, 512: 43, 1024: 1}
  2048+:        0x total
  LR:           0.000879
N-Tuple salvo em /Users/leonardo/Projects/2048/ai/checkpoints/ntuple_best.bin (512.0 MB)
