N-Tuple carregado de /Users/leonardo/Projects/2048/ai/checkpoints/ntuple_latest.bin

============================================================
N-Tuple Episódio 100/50000 | Tempo: 45s
============================================================
  Score médio:  17226
  Score máximo: 36984
  Max tiles:    {256: 1, 512: 19, 1024: 64, 2048: 16}
  2048+:        16x total
  LR:           0.0025
N-Tuple salvo em /Users/leonardo/Projects/2048/ai/checkpoints/ntuple_best.bin (256.8 MB)

============================================================
N-Tuple Episódio 200/50000 | Tempo: 91s
============================================================
  Score médio:  17460
  Score máximo: 35476
  Max tiles:    {256: 3, 512: 14, 1024: 67, 2048: 16}
  2048+:        32x total
  LR:           0.0025
N-Tuple salvo em /Users/leonardo/Projects/2048/ai/checkpoints/ntuple_best.bin (256.8 MB)

============================================================
N-Tuple Episódio 300/50000 | Tempo: 137s
============================================================
  Score médio:  17770
  Score máximo: 35576
  Max tiles:    {256: 1, 512: 16, 1024: 62, 2048: 21}
  2048+:        53x total
  LR:           0.0025
N-Tuple salvo em /Users/leonardo/Projects/2048/ai/checkpoints/ntuple_best.bin (256.8 MB)

============================================================
N-Tuple Episódio 400/50000 | Tempo: 184s
============================================================
  Score médio:  18192
  Score máximo: 38740
  Max tiles:    {256: 1, 512: 15, 1024: 64, 2048: 20}
  2048+:        73x total
  LR:           0.0025
N-Tuple salvo em /Users/leonardo/Projects/2048/ai/checkpoints/ntuple_best.bin (256.8 MB)

============================================================
N-Tuple Episódio 500/50000 | Tempo: 228s
============================================================
  Score médio:  16499
  Score máximo: 36844
  Max tiles:    {256: 4, 512: 21, 1024: 63, 2048: 12}
  2048+:        85x total
  LR:           0.0025

============================================================
N-Tuple Episódio 600/50000 | Tempo: 273s
============================================================
  Score médio:  17305
  Score máximo: 36568
  Max tiles:    {256: 1, 512: 16, 1024: 68, 2048: 15}
  2048+:        100x total
  LR:           0.0025

============================================================
N-Tuple Episódio 700/50000 | Tempo: 318s
============================================================
  Score médio:  16973
  Score máximo: 38048
  Max tiles:    {256: 3, 512: 16, 1024: 67, 2048: 14}
  2048+:        114x total
  LR:           0.0025

============================================================
N-Tuple Episódio 800/50000 | Tempo: 363s
============================================================
  Score médio:  17399
  Score máximo: 33228
  Max tiles:    {256: 1, 512: 18, 1024: 62, 2048: 19}
  2048+:        133x total
  LR:           0.0025

============================================================
N-Tuple Episódio 900/50000 | Tempo: 409s
============================================================
  Score médio:  17772
  Score máximo: 36496
  Max tiles:    {256: 3, 512: 14, 1024: 62, 2048: 21}
  2048+:        154x total
  LR:           0.0025

============================================================
N-Tuple Episódio 1000/50000 | Tempo: 457s
============================================================
  Score médio:  18049
  Score máximo: 38396
  Max tiles:    {512: 18, 1024: 64, 2048: 18}
  2048+:        172x total
  LR:           0.0025
N-Tuple salvo em /Users/leonardo/Projects/2048/ai/checkpoints/ntuple_latest.bin (256.8 MB)

============================================================
N-Tuple Episódio 1100/50000 | Tempo: 505s
============================================================
  Score médio:  18523
  Score máximo: 41544
  Max tiles:    {512: 12, 1024: 68, 2048: 20}
  2048+:        192x total
  LR:           0.0025
N-Tuple salvo em /Users/leonardo/Projects/2048/ai/checkpoints/ntuple_best.bin (256.8 MB)

============================================================
N-Tuple Episódio 1200/50000 | Tempo: 553s
============================================================
  Score médio:  18907
  Score máximo: 46596
  Max tiles:    {256: 2, 512: 14, 1024: 57, 2048: 27}
  2048+:        219x total
  LR:           0.0025
N-Tuple salvo em /Users/leonardo/Projects/2048/ai/checkpoints/ntuple_best.bin (256.8 MB)

============================================================
N-Tuple Episódio 1300/50000 | Tempo: 602s
============================================================
  Score médio:  18829
  Score máximo: 36916
  Max tiles:    {256: 1, 512: 11, 1024: 67, 2048: 21}
  2048+:        240x total
  LR:           0.0025

============================================================
N-Tuple Episódio 1400/50000 | Tempo: 652s
============================================================
  Score médio:  19356
  Score máximo: 44028
  Max tiles:    {256: 6, 512: 7, 1024: 58, 2048: 29}
  2048+:        269x total
  LR:           0.0025
N-Tuple salvo em /Users/leonardo/Projects/2048/ai/checkpoints/ntuple_best.bin (256.8 MB)

============================================================
N-Tuple Episódio 1500/50000 | Tempo: 700s
============================================================
  Score médio:  18178
  Score máximo: 52092
  Max tiles:    {128: 1, 256: 2, 512: 14, 1024: 62, 2048: 20, 4096: 1}
  2048+:        290x total
  LR:           0.0025

============================================================
N-Tuple Episódio 1600/50000 | Tempo: 747s
============================================================
  Score médio:  18073
  Score máximo: 36620
  Max tiles:    {512: 17, 1024: 64, 2048: 19}
  2048+:        309x total
  LR:           0.0025

============================================================
N-Tuple Episódio 1700/50000 | Tempo: 795s
============================================================
  Score médio:  18291
  Score máximo: 38684
  Max tiles:    {256: 2, 512: 9, 1024: 70, 2048: 19}
  2048+:        328x total
  LR:           0.0025

============================================================
N-Tuple Episódio 1800/50000 | Tempo: 846s
============================================================
  Score médio:  19788
  Score máximo: 37408
  Max tiles:    {256: 1, 512: 12, 1024: 53, 2048: 34}
  2048+:        362x total
  LR:           0.0025
N-Tuple salvo em /Users/leonardo/Projects/2048/ai/checkpoints/ntuple_best.bin (256.8 MB)

============================================================
N-Tuple Episódio 1900/50000 | Tempo: 893s
============================================================
  Score médio:  18462
  Score máximo: 33044
  Max tiles:    {256: 3, 512: 7, 1024: 68, 2048: 22}
  2048+:        384x total
  LR:           0.0025

============================================================
N-Tuple Episódio 2000/50000 | Tempo: 943s
============================================================
  Score médio:  19331
  Score máximo: 49840
  Max tiles:    {512: 10, 1024: 65, 2048: 24, 4096: 1}
  2048+:        409x total
  LR:           0.0025
N-Tuple salvo em /Users/leonardo/Projects/2048/ai/checkpoints/ntuple_latest.bin (256.8 MB)

============================================================
N-Tuple Episódio 2100/50000 | Tempo: 993s
============================================================
  Score médio:  19126
  Score máximo: 42500
  Max tiles:    {128: 1, 256: 2, 512: 13, 1024: 57, 2048: 27}
  2048+:        436x total
  LR:           0.0025

============================================================
N-Tuple Episódio 2200/50000 | Tempo: 1041s
============================================================
  Score médio:  18494
  Score máximo: 36404
  Max tiles:    {256: 2, 512: 12, 1024: 63, 2048: 23}
  2048+:        459x total
  LR:           0.0025

============================================================
N-Tuple Episódio 2300/50000 | Tempo: 1091s
============================================================
  Score médio:  19293
  Score máximo: 45480
  Max tiles:    {512: 8, 1024: 72, 2048: 19, 4096: 1}
  2048+:        479x total
  LR:           0.0025

============================================================
N-Tuple Episódio 2400/50000 | Tempo: 1140s
============================================================
  Score médio:  18932
  Score máximo: 40848
  Max tiles:    {512: 13, 1024: 60, 2048: 27}
  2048+:        506x total
  LR:           0.0025

============================================================
N-Tuple Episódio 2500/50000 | Tempo: 1190s
============================================================
  Score médio:  19298
  Score máximo: 37832
  Max tiles:    {512: 9, 1024: 69, 2048: 22}
  2048+:        528x total
  LR:           0.0025

============================================================
N-Tuple Episódio 2600/50000 | Tempo: 1239s
============================================================
  Score médio:  19308
  Score máximo: 40152
  Max tiles:    {256: 2, 512: 6, 1024: 66, 2048: 26}
  2048+:        554x total
  LR:           0.0025

============================================================
N-Tuple Episódio 2700/50000 | Tempo: 1286s
============================================================
  Score médio:  17979
  Score máximo: 37496
  Max tiles:    {512: 9, 1024: 75, 2048: 16}
  2048+:        570x total
  LR:           0.0025

============================================================
N-Tuple Episódio 2800/50000 | Tempo: 1336s
============================================================
  Score médio:  19287
  Score máximo: 46708
  Max tiles:    {256: 2, 512: 12, 1024: 58, 2048: 28}
  2048+:        598x total
  LR:           0.0025

============================================================
N-Tuple Episódio 2900/50000 | Tempo: 1387s
============================================================
  Score médio:  19896
  Score máximo: 45168
  Max tiles:    {512: 11, 1024: 62, 2048: 27}
  2048+:        625x total
  LR:           0.0025
N-Tuple salvo em /Users/leonardo/Projects/2048/ai/checkpoints/ntuple_best.bin (256.8 MB)

============================================================
N-Tuple Episódio 3000/50000 | Tempo: 1437s
============================================================
  Score médio:  19434
  Score máximo: 35672
  Max tiles:    {256: 1, 512: 11, 1024: 59, 2048: 29}
  2048+:        654x total
  LR:           0.0025
N-Tuple salvo em /Users/leonardo/Projects/2048/ai/checkpoints/ntuple_latest.bin (256.8 MB)

============================================================
N-Tuple Episódio 3100/50000 | Tempo: 1487s
============================================================
  Score médio:  19689
  Score máximo: 42300
  Max tiles:    {256: 2, 512: 12, 1024: 55, 2048: 31}
  2048+:        685x total
  LR:           0.0025

============================================================
N-Tuple Episódio 3200/50000 | Tempo: 1542s
============================================================
  Score médio:  21322
  Score máximo: 38716
  Max tiles:    {512: 3, 1024: 63, 2048: 34}
  2048+:        719x total
  LR:           0.0025
N-Tuple salvo em /Users/leonardo/Projects/2048/ai/checkpoints/ntuple_best.bin (256.8 MB)

============================================================
N-Tuple Episódio 3300/50000 | Tempo: 1594s
============================================================
  Score médio:  20399
  Score máximo: 36964
  Max tiles:    {512: 4, 1024: 65, 2048: 31}
  2048+:        750x total
  LR:           0.0025

============================================================
N-Tuple Episódio 3400/50000 | Tempo: 1645s
============================================================
  Score médio:  20348
  Score máximo: 59156
  Max tiles:    {512: 13, 1024: 54, 2048: 32, 4096: 1}
  2048+:        783x total
  LR:           0.0025

============================================================
N-Tuple Episódio 3500/50000 | Tempo: 1700s
============================================================
  Score médio:  21327
  Score máximo: 38536
  Max tiles:    {256: 1, 512: 8, 1024: 54, 2048: 37}
  2048+:        820x total
  LR:           0.0025
N-Tuple salvo em /Users/leonardo/Projects/2048/ai/checkpoints/ntuple_best.bin (256.8 MB)

============================================================
N-Tuple Episódio 3600/50000 | Tempo: 1753s
============================================================
  Score médio:  20913
  Score máximo: 39136
  Max tiles:    {256: 1, 512: 5, 1024: 60, 2048: 34}
  2048+:        854x total
  LR:           0.0025

============================================================
N-Tuple Episódio 3700/50000 | Tempo: 1807s
============================================================
  Score médio:  21301
  Score máximo: 40352
  Max tiles:    {256: 2, 512: 6, 1024: 55, 2048: 37}
  2048+:        891x total
  LR:           0.0025

============================================================
N-Tuple Episódio 3800/50000 | Tempo: 1860s
============================================================
  Score médio:  20371
  Score máximo: 36780
  Max tiles:    {512: 10, 1024: 58, 2048: 32}
  2048+:        923x total
  LR:           0.0025

============================================================
N-Tuple Episódio 3900/50000 | Tempo: 2917s
============================================================
  Score médio:  20487
  Score máximo: 40940
  Max tiles:    {256: 2, 512: 5, 1024: 60, 2048: 33}
  2048+:        956x total
  LR:           0.0025

============================================================
N-Tuple Episódio 4000/50000 | Tempo: 2969s
============================================================
  Score médio:  20036
  Score máximo: 49044
  Max tiles:    {256: 2, 512: 5, 1024: 67, 2048: 25, 4096: 1}
  2048+:        982x total
  LR:           0.0025
N-Tuple salvo em /Users/leonardo/Projects/2048/ai/checkpoints/ntuple_latest.bin (256.8 MB)

============================================================
N-Tuple Episódio 4100/50000 | Tempo: 3021s
============================================================
  Score médio:  20050
  Score máximo: 38292
  Max tiles:    {512: 12, 1024: 55, 2048: 33}
  2048+:        1015x total
  LR:           0.0025

============================================================
N-Tuple Episódio 4200/50000 | Tempo: 3075s
============================================================
  Score médio:  21101
  Score máximo: 38312
  Max tiles:    {512: 9, 1024: 54, 2048: 37}
  2048+:        1052x total
  LR:           0.0025

============================================================
N-Tuple Episódio 4300/50000 | Tempo: 3128s
============================================================
  Score médio:  20797
  Score máximo: 42536
  Max tiles:    {512: 6, 1024: 57, 2048: 37}
  2048+:        1089x total
  LR:           0.0025

============================================================
N-Tuple Episódio 4400/50000 | Tempo: 3182s
============================================================
  Score médio:  21426
  Score máximo: 52248
  Max tiles:    {512: 6, 1024: 59, 2048: 34, 4096: 1}
  2048+:        1124x total
  LR:           0.0025
N-Tuple salvo em /Users/leonardo/Projects/2048/ai/checkpoints/ntuple_best.bin (256.8 MB)

============================================================
N-Tuple Episódio 4500/50000 | Tempo: 3240s
============================================================
  Score médio:  22964
  Score máximo: 53792
  Max tiles:    {512: 2, 1024: 55, 2048: 42, 4096: 1}
  2048+:        1167x total
  LR:           0.0025
N-Tuple salvo em /Users/leonardo/Projects/2048/ai/checkpoints/ntuple_best.bin (256.8 MB)

============================================================
N-Tuple Episódio 4600/50000 | Tempo: 3293s
============================================================
  Score médio:  20833
  Score máximo: 41384
  Max tiles:    {256: 2, 512: 6, 1024: 57, 2048: 35}
  2048+:        1202x total
  LR:           0.0025

============================================================
N-Tuple Episódio 4700/50000 | Tempo: 3348s
============================================================
  Score médio:  21213
  Score máximo: 39756
  Max tiles:    {128: 1, 512: 5, 1024: 62, 2048: 32}
  2048+:        1234x total
  LR:           0.0025

============================================================
N-Tuple Episódio 4800/50000 | Tempo: 3403s
============================================================
  Score médio:  21632
  Score máximo: 40192
  Max tiles:    {256: 2, 512: 4, 1024: 53, 2048: 41}
  2048+:        1275x total
  LR:           0.0025

============================================================
N-Tuple Episódio 4900/50000 | Tempo: 3459s
============================================================
  Score médio:  22203
  Score máximo: 51696
  Max tiles:    {512: 6, 1024: 53, 2048: 40, 4096: 1}
  2048+:        1316x total
  LR:           0.0025

============================================================
N-Tuple Episódio 5000/50000 | Tempo: 3513s
============================================================
  Score médio:  21208
  Score máximo: 36504
  Max tiles:    {256: 2, 512: 6, 1024: 52, 2048: 40}
  2048+:        1356x total
  LR:           0.0025
N-Tuple salvo em /Users/leonardo/Projects/2048/ai/checkpoints/ntuple_latest.bin (256.8 MB)

============================================================
N-Tuple Episódio 5100/50000 | Tempo: 3569s
============================================================
  Score médio:  22179
  Score máximo: 53988
  Max tiles:    {512: 6, 1024: 57, 2048: 36, 4096: 1}
  2048+:        1393x total
  LR:           0.0025

============================================================
N-Tuple Episódio 5200/50000 | Tempo: 3624s
============================================================
  Score médio:  21654
  Score máximo: 45656
  Max tiles:    {512: 6, 1024: 59, 2048: 35}
  2048+:        1428x total
  LR:           0.0025

============================================================
N-Tuple Episódio 5300/50000 | Tempo: 3678s
============================================================
  Score médio:  20860
  Score máximo: 41536
  Max tiles:    {256: 1, 512: 7, 1024: 57, 2048: 35}
  2048+:        1463x total
  LR:           0.0025

============================================================
N-Tuple Episódio 5400/50000 | Tempo: 3733s
============================================================
  Score médio:  21973
  Score máximo: 38880
  Max tiles:    {256: 2, 512: 10, 1024: 45, 2048: 43}
  2048+:        1506x total
  LR:           0.0025

============================================================
N-Tuple Episódio 5500/50000 | Tempo: 3792s
============================================================
  Score médio:  23634
  Score máximo: 41360
  Max tiles:    {256: 1, 512: 5, 1024: 43, 2048: 51}
  2048+:        1557x total
  LR:           0.0025
N-Tuple salvo em /Users/leonardo/Projects/2048/ai/checkpoints/ntuple_best.bin (256.8 MB)

============================================================
N-Tuple Episódio 5600/50000 | Tempo: 3849s
============================================================
  Score médio:  22762
  Score máximo: 55384
  Max tiles:    {128: 2, 256: 1, 512: 2, 1024: 51, 2048: 42, 4096: 2}
  2048+:        1601x total
  LR:           0.0025

============================================================
N-Tuple Episódio 5700/50000 | Tempo: 3908s
============================================================
  Score médio:  23487
  Score máximo: 40412
  Max tiles:    {256: 1, 512: 3, 1024: 46, 2048: 50}
  2048+:        1651x total
  LR:           0.0025

============================================================
N-Tuple Episódio 5800/50000 | Tempo: 3966s
============================================================
  Score médio:  23044
  Score máximo: 42928
  Max tiles:    {512: 4, 1024: 47, 2048: 49}
  2048+:        1700x total
  LR:           0.0025

============================================================
N-Tuple Episódio 5900/50000 | Tempo: 4020s
============================================================
  Score médio:  21649
  Score máximo: 37056
  Max tiles:    {512: 12, 1024: 44, 2048: 44}
  2048+:        1744x total
  LR:           0.0025

============================================================
N-Tuple Episódio 6000/50000 | Tempo: 4079s
============================================================
  Score médio:  23200
  Score máximo: 51320
  Max tiles:    {256: 2, 512: 2, 1024: 49, 2048: 46, 4096: 1}
  2048+:        1791x total
  LR:           0.0025
N-Tuple salvo em /Users/leonardo/Projects/2048/ai/checkpoints/ntuple_latest.bin (256.8 MB)

============================================================
N-Tuple Episódio 6100/50000 | Tempo: 4136s
============================================================
  Score médio:  22906
  Score máximo: 42420
  Max tiles:    {512: 7, 1024: 45, 2048: 48}
  2048+:        1839x total
  LR:           0.0025

============================================================
N-Tuple Episódio 6200/50000 | Tempo: 4195s
============================================================
  Score médio:  23274
  Score máximo: 42252
  Max tiles:    {64: 1, 256: 1, 512: 4, 1024: 47, 2048: 47}
  2048+:        1886x total
  LR:           0.0025

============================================================
N-Tuple Episódio 6300/50000 | Tempo: 4254s
============================================================
  Score médio:  23731
  Score máximo: 56196
  Max tiles:    {256: 1, 512: 6, 1024: 44, 2048: 47, 4096: 2}
  2048+:        1935x total
  LR:           0.0025
N-Tuple salvo em /Users/leonardo/Projects/2048/ai/checkpoints/ntuple_best.bin (256.8 MB)

============================================================
N-Tuple Episódio 6400/50000 | Tempo: 4314s
============================================================
  Score médio:  24108
  Score máximo: 49248
  Max tiles:    {256: 1, 512: 6, 1024: 41, 2048: 51, 4096: 1}
  2048+:        1987x total
  LR:           0.0025
N-Tuple salvo em /Users/leonardo/Projects/2048/ai/checkpoints/ntuple_best.bin (256.8 MB)

============================================================
N-Tuple Episódio 6500/50000 | Tempo: 4371s
============================================================
  Score médio:  22702
  Score máximo: 52284
  Max tiles:    {512: 8, 1024: 47, 2048: 43, 4096: 2}
  2048+:        2032x total
  LR:           0.0025

============================================================
N-Tuple Episódio 6600/50000 | Tempo: 4430s
============================================================
  Score médio:  23341
  Score máximo: 41492
  Max tiles:    {256: 2, 512: 5, 1024: 45, 2048: 48}
  2048+:        2080x total
  LR:           0.0025

============================================================
N-Tuple Episódio 6700/50000 | Tempo: 4490s
============================================================
  Score médio:  23716
  Score máximo: 41020
  Max tiles:    {256: 1, 512: 7, 1024: 42, 2048: 50}
  2048+:        2130x total
  LR:           0.0025

============================================================
N-Tuple Episódio 6800/50000 | Tempo: 4549s
============================================================
  Score médio:  23508
  Score máximo: 40356
  Max tiles:    {256: 1, 512: 7, 1024: 42, 2048: 50}
  2048+:        2180x total
  LR:           0.0025

============================================================
N-Tuple Episódio 6900/50000 | Tempo: 4612s
============================================================
  Score médio:  25028
  Score máximo: 52204
  Max tiles:    {256: 2, 512: 1, 1024: 39, 2048: 57, 4096: 1}
  2048+:        2238x total
  LR:           0.0025
N-Tuple salvo em /Users/leonardo/Projects/2048/ai/checkpoints/ntuple_best.bin (256.8 MB)

============================================================
N-Tuple Episódio 7000/50000 | Tempo: 4668s
============================================================
  Score médio:  22601
  Score máximo: 48104
  Max tiles:    {256: 1, 512: 5, 1024: 51, 2048: 42, 4096: 1}
  2048+:        2281x total
  LR:           0.0025
N-Tuple salvo em /Users/leonardo/Projects/2048/ai/checkpoints/ntuple_latest.bin (256.8 MB)

============================================================
N-Tuple Episódio 7100/50000 | Tempo: 4727s
============================================================
  Score médio:  23255
  Score máximo: 43688
  Max tiles:    {256: 2, 512: 5, 1024: 46, 2048: 47}
  2048+:        2328x total
  LR:           0.0025

============================================================
N-Tuple Episódio 7200/50000 | Tempo: 4787s
============================================================
  Score médio:  24127
  Score máximo: 58660
  Max tiles:    {256: 1, 512: 4, 1024: 45, 2048: 47, 4096: 3}
  2048+:        2378x total
  LR:           0.0025

============================================================
N-Tuple Episódio 7300/50000 | Tempo: 4849s
============================================================
  Score médio:  25043
  Score máximo: 45048
  Max tiles:    {256: 1, 512: 4, 1024: 40, 2048: 55}
  2048+:        2433x total
  LR:           0.0025
N-Tuple salvo em /Users/leonardo/Projects/2048/ai/checkpoints/ntuple_best.bin (256.8 MB)

============================================================
N-Tuple Episódio 7400/50000 | Tempo: 4912s
============================================================
  Score médio:  25433
  Score máximo: 44384
  Max tiles:    {256: 1, 512: 3, 1024: 36, 2048: 60}
  2048+:        2493x total
  LR:           0.0025
N-Tuple salvo em /Users/leonardo/Projects/2048/ai/checkpoints/ntuple_best.bin (256.8 MB)

============================================================
N-Tuple Episódio 7500/50000 | Tempo: 4975s
============================================================
  Score médio:  25080
  Score máximo: 49912
  Max tiles:    {256: 2, 512: 2, 1024: 41, 2048: 55}
  2048+:        2548x total
  LR:           0.0025

============================================================
N-Tuple Episódio 7600/50000 | Tempo: 5032s
============================================================
  Score médio:  22691
  Score máximo: 52320
  Max tiles:    {256: 3, 512: 9, 1024: 44, 2048: 43, 4096: 1}
  2048+:        2592x total
  LR:           0.0025

============================================================
N-Tuple Episódio 7700/50000 | Tempo: 5092s
============================================================
  Score médio:  24103
  Score máximo: 40856
  Max tiles:    {256: 1, 512: 6, 1024: 42, 2048: 51}
  2048+:        2643x total
  LR:           0.0025

============================================================
N-Tuple Episódio 7800/50000 | Tempo: 5152s
============================================================
  Score médio:  23986
  Score máximo: 55288
  Max tiles:    {256: 4, 512: 5, 1024: 36, 2048: 54, 4096: 1}
  2048+:        2698x total
  LR:           0.0025

============================================================
N-Tuple Episódio 7900/50000 | Tempo: 5213s
============================================================
  Score médio:  24493
  Score máximo: 59988
  Max tiles:    {512: 5, 1024: 45, 2048: 48, 4096: 2}
  2048+:        2748x total
  LR:           0.0025

============================================================
N-Tuple Episódio 8000/50000 | Tempo: 6206s
============================================================
  Score médio:  25148
  Score máximo: 65432
  Max tiles:    {512: 5, 1024: 43, 2048: 51, 4096: 1}
  2048+:        2800x total
  LR:           0.0025
N-Tuple salvo em /Users/leonardo/Projects/2048/ai/checkpoints/ntuple_latest.bin (256.8 MB)

============================================================
N-Tuple Episódio 8100/50000 | Tempo: 7205s
============================================================
  Score médio:  25208
  Score máximo: 45908
  Max tiles:    {512: 6, 1024: 36, 2048: 58}
  2048+:        2858x total
  LR:           0.0025

============================================================
N-Tuple Episódio 8200/50000 | Tempo: 9119s
============================================================
  Score médio:  24583
  Score máximo: 40584
  Max tiles:    {256: 2, 512: 4, 1024: 33, 2048: 61}
  2048+:        2919x total
  LR:           0.0025

============================================================
N-Tuple Episódio 8300/50000 | Tempo: 11038s
============================================================
  Score médio:  25820
  Score máximo: 40668
  Max tiles:    {256: 1, 512: 6, 1024: 31, 2048: 62}
  2048+:        2981x total
  LR:           0.0025
N-Tuple salvo em /Users/leonardo/Projects/2048/ai/checkpoints/ntuple_best.bin (256.8 MB)

============================================================
N-Tuple Episódio 8400/50000 | Tempo: 12044s
============================================================
  Score médio:  25739
  Score máximo: 60612
  Max tiles:    {512: 6, 1024: 39, 2048: 53, 4096: 2}
  2048+:        3036x total
  LR:           0.0025

============================================================
N-Tuple Episódio 8500/50000 | Tempo: 13944s
============================================================
  Score médio:  23245
  Score máximo: 53440
  Max tiles:    {512: 11, 1024: 40, 2048: 48, 4096: 1}
  2048+:        3085x total
  LR:           0.0025

============================================================
N-Tuple Episódio 8600/50000 | Tempo: 15791s
============================================================
  Score médio:  25013
  Score máximo: 40984
  Max tiles:    {256: 1, 512: 4, 1024: 37, 2048: 58}
  2048+:        3143x total
  LR:           0.0025

============================================================
N-Tuple Episódio 8700/50000 | Tempo: 16774s
============================================================
  Score médio:  25471
  Score máximo: 53120
  Max tiles:    {512: 4, 1024: 40, 2048: 54, 4096: 2}
  2048+:        3199x total
  LR:           0.0025

============================================================
N-Tuple Episódio 8800/50000 | Tempo: 18703s
============================================================
  Score médio:  24687
  Score máximo: 40544
  Max tiles:    {512: 6, 1024: 38, 2048: 56}
  2048+:        3255x total
  LR:           0.0025

============================================================
N-Tuple Episódio 8900/50000 | Tempo: 19705s
============================================================
  Score médio:  23962
  Score máximo: 42264
  Max tiles:    {512: 4, 1024: 47, 2048: 49}
  2048+:        3304x total
  LR:           0.0025

============================================================
N-Tuple Episódio 9000/50000 | Tempo: 21635s
============================================================
  Score médio:  24862
  Score máximo: 41368
  Max tiles:    {512: 4, 1024: 40, 2048: 56}
  2048+:        3360x total
  LR:           0.0025
N-Tuple salvo em /Users/leonardo/Projects/2048/ai/checkpoints/ntuple_latest.bin (256.8 MB)

============================================================
N-Tuple Episódio 9100/50000 | Tempo: 22806s
============================================================
  Score médio:  25670
  Score máximo: 59400
  Max tiles:    {256: 1, 512: 4, 1024: 35, 2048: 59, 4096: 1}
  2048+:        3420x total
  LR:           0.0025

============================================================
N-Tuple Episódio 9200/50000 | Tempo: 24714s
============================================================
  Score médio:  24676
  Score máximo: 57412
  Max tiles:    {256: 2, 512: 5, 1024: 42, 2048: 48, 4096: 3}
  2048+:        3471x total
  LR:           0.0025

============================================================
N-Tuple Episódio 9300/50000 | Tempo: 25722s
============================================================
  Score médio:  25918
  Score máximo: 53596
  Max tiles:    {512: 4, 1024: 37, 2048: 58, 4096: 1}
  2048+:        3530x total
  LR:           0.0025
N-Tuple salvo em /Users/leonardo/Projects/2048/ai/checkpoints/ntuple_best.bin (256.8 MB)

============================================================
N-Tuple Episódio 9400/50000 | Tempo: 27634s
============================================================
  Score médio:  26968
  Score máximo: 60616
  Max tiles:    {512: 4, 1024: 37, 2048: 57, 4096: 2}
  2048+:        3589x total
  LR:           0.0025
N-Tuple salvo em /Users/leonardo/Projects/2048/ai/checkpoints/ntuple_best.bin (256.8 MB)

============================================================
N-Tuple Episódio 9500/50000 | Tempo: 29557s
============================================================
  Score médio:  26534
  Score máximo: 56296
  Max tiles:    {256: 1, 512: 9, 1024: 28, 2048: 61, 4096: 1}
  2048+:        3651x total
  LR:           0.0025

============================================================
N-Tuple Episódio 9600/50000 | Tempo: 30570s
============================================================
  Score médio:  26708
  Score máximo: 51736
  Max tiles:    {512: 5, 1024: 30, 2048: 62, 4096: 3}
  2048+:        3716x total
  LR:           0.0025

============================================================
N-Tuple Episódio 9700/50000 | Tempo: 32485s
============================================================
  Score médio:  26680
  Score máximo: 59192
  Max tiles:    {256: 2, 512: 5, 1024: 29, 2048: 62, 4096: 2}
  2048+:        3780x total
  LR:           0.0025

============================================================
N-Tuple Episódio 9800/50000 | Tempo: 34400s
============================================================
  Score médio:  26646
  Score máximo: 60352
  Max tiles:    {256: 2, 512: 1, 1024: 35, 2048: 58, 4096: 4}
  2048+:        3842x total
  LR:           0.0025

============================================================
N-Tuple Episódio 9900/50000 | Tempo: 35411s
============================================================
  Score médio:  26741
  Score máximo: 48160
  Max tiles:    {64: 1, 256: 1, 512: 5, 1024: 28, 2048: 64, 4096: 1}
  2048+:        3907x total
  LR:           0.0025

============================================================
N-Tuple Episódio 10000/50000 | Tempo: 36825s
============================================================
  Score médio:  27222
  Score máximo: 56028
  Max tiles:    {256: 3, 512: 4, 1024: 28, 2048: 62, 4096: 3}
  2048+:        3972x total
  LR:           0.0025
N-Tuple salvo em /Users/leonardo/Projects/2048/ai/checkpoints/ntuple_best.bin (256.8 MB)
N-Tuple salvo em /Users/leonardo/Projects/2048/ai/checkpoints/ntuple_latest.bin (256.8 MB)

============================================================
N-Tuple Episódio 10100/50000 | Tempo: 37833s
============================================================
  Score médio:  26229
  Score máximo: 53340
  Max tiles:    {512: 5, 1024: 32, 2048: 61, 4096: 2}
  2048+:        4035x total
  LR:           0.0025

============================================================
N-Tuple Episódio 10200/50000 | Tempo: 39529s
============================================================
  Score médio:  28141
  Score máximo: 70860
  Max tiles:    {256: 1, 512: 3, 1024: 31, 2048: 59, 4096: 6}
  2048+:        4100x total
  LR:           0.0025
N-Tuple salvo em /Users/leonardo/Projects/2048/ai/checkpoints/ntuple_best.bin (256.8 MB)

============================================================
N-Tuple Episódio 10300/50000 | Tempo: 41482s
============================================================
  Score médio:  27308
  Score máximo: 50640
  Max tiles:    {256: 1, 512: 5, 1024: 26, 2048: 67, 4096: 1}
  2048+:        4168x total
  LR:           0.0025

============================================================
N-Tuple Episódio 10400/50000 | Tempo: 43163s
============================================================
  Score médio:  26801
  Score máximo: 52532
  Max tiles:    {512: 3, 1024: 38, 2048: 57, 4096: 2}
  2048+:        4227x total
  LR:           0.0025

============================================================
N-Tuple Episódio 10500/50000 | Tempo: 44163s
============================================================
  Score médio:  25924
  Score máximo: 40932
  Max tiles:    {128: 1, 256: 3, 512: 5, 1024: 27, 2048: 64}
  2048+:        4291x total
  LR:           0.0025

============================================================
N-Tuple Episódio 10600/50000 | Tempo: 45367s
============================================================
  Score médio:  27070
  Score máximo: 68468
  Max tiles:    {256: 2, 512: 4, 1024: 30, 2048: 60, 4096: 4}
  2048+:        4355x total
  LR:           0.0025

============================================================
N-Tuple Episódio 10700/50000 | Tempo: 45434s
============================================================
  Score médio:  26412
  Score máximo: 59056
  Max tiles:    {256: 1, 512: 6, 1024: 27, 2048: 65, 4096: 1}
  2048+:        4421x total
  LR:           0.0025

============================================================
N-Tuple Episódio 10800/50000 | Tempo: 45499s
============================================================
  Score médio:  26187
  Score máximo: 38768
  Max tiles:    {512: 6, 1024: 29, 2048: 65}
  2048+:        4486x total
  LR:           0.0025

============================================================
N-Tuple Episódio 10900/50000 | Tempo: 45567s
============================================================
  Score médio:  27366
  Score máximo: 62456
  Max tiles:    {256: 2, 512: 2, 1024: 32, 2048: 62, 4096: 2}
  2048+:        4550x total
  LR:           0.0025

============================================================
N-Tuple Episódio 11000/50000 | Tempo: 45633s
============================================================
  Score médio:  26586
  Score máximo: 45484
  Max tiles:    {128: 1, 256: 1, 512: 2, 1024: 33, 2048: 63}
  2048+:        4613x total
  LR:           0.0025
N-Tuple salvo em /Users/leonardo/Projects/2048/ai/checkpoints/ntuple_latest.bin (256.8 MB)

============================================================
N-Tuple Episódio 11100/50000 | Tempo: 45708s
============================================================
  Score médio:  30350
  Score máximo: 72332
  Max tiles:    {512: 2, 1024: 24, 2048: 72, 4096: 2}
  2048+:        4687x total
  LR:           0.0025
N-Tuple salvo em /Users/leonardo/Projects/2048/ai/checkpoints/ntuple_best.bin (256.8 MB)

============================================================
N-Tuple Episódio 11200/50000 | Tempo: 45774s
============================================================
  Score médio:  26183
  Score máximo: 59140
  Max tiles:    {512: 8, 1024: 36, 2048: 52, 4096: 4}
  2048+:        4743x total
  LR:           0.0025

============================================================
N-Tuple Episódio 11300/50000 | Tempo: 45840s
============================================================
  Score médio:  26369
  Score máximo: 56764
  Max tiles:    {256: 4, 512: 3, 1024: 34, 2048: 56, 4096: 3}
  2048+:        4802x total
  LR:           0.0025

============================================================
N-Tuple Episódio 11400/50000 | Tempo: 45909s
============================================================
  Score médio:  27660
  Score máximo: 56164
  Max tiles:    {256: 1, 512: 4, 1024: 30, 2048: 64, 4096: 1}
  2048+:        4867x total
  LR:           0.0025

============================================================
N-Tuple Episódio 11500/50000 | Tempo: 45976s
============================================================
  Score médio:  27300
  Score máximo: 61460
  Max tiles:    {512: 2, 1024: 30, 2048: 67, 4096: 1}
  2048+:        4935x total
  LR:           0.0025

============================================================
N-Tuple Episódio 11600/50000 | Tempo: 46044s
============================================================
  Score médio:  27087
  Score máximo: 58916
  Max tiles:    {512: 5, 1024: 30, 2048: 63, 4096: 2}
  2048+:        5000x total
  LR:           0.0025

============================================================
N-Tuple Episódio 11700/50000 | Tempo: 46114s
============================================================
  Score médio:  28561
  Score máximo: 59416
  Max tiles:    {512: 5, 1024: 30, 2048: 62, 4096: 3}
  2048+:        5065x total
  LR:           0.0025

============================================================
N-Tuple Episódio 11800/50000 | Tempo: 46182s
============================================================
  Score médio:  27006
  Score máximo: 53228
  Max tiles:    {256: 2, 512: 4, 1024: 29, 2048: 64, 4096: 1}
  2048+:        5130x total
  LR:           0.0025

============================================================
N-Tuple Episódio 11900/50000 | Tempo: 46251s
============================================================
  Score médio:  27914
  Score máximo: 56012
  Max tiles:    {256: 1, 512: 4, 1024: 25, 2048: 68, 4096: 2}
  2048+:        5200x total
  LR:           0.0025

============================================================
N-Tuple Episódio 12000/50000 | Tempo: 46319s
============================================================
  Score médio:  27420
  Score máximo: 61836
  Max tiles:    {512: 6, 1024: 27, 2048: 64, 4096: 3}
  2048+:        5267x total
  LR:           0.0025
N-Tuple salvo em /Users/leonardo/Projects/2048/ai/checkpoints/ntuple_latest.bin (256.8 MB)

============================================================
N-Tuple Episódio 12100/50000 | Tempo: 46394s
============================================================
  Score médio:  30020
  Score máximo: 64712
  Max tiles:    {256: 1, 512: 4, 1024: 20, 2048: 68, 4096: 7}
  2048+:        5342x total
  LR:           0.0025
